\BOOKMARK [1][-]{section.1}{\376\377\000I\000n\000t\000r\000o\000d\000u\000c\000t\000i\000o\000n}{}% 1
\BOOKMARK [1][-]{section.2}{\376\377\000R\000e\000l\000a\000t\000e\000d\000\040\000W\000o\000r\000k\000s}{}% 2
\BOOKMARK [1][-]{section.3}{\376\377\000M\000e\000t\000h\000o\000d}{}% 3
\BOOKMARK [2][-]{subsection.3.1}{\376\377\000R\000a\000d\000a\000r\000\040\000f\000o\000r\000w\000a\000r\000d\000\040\000m\000o\000d\000e\000l}{section.3}% 4
\BOOKMARK [2][-]{subsection.3.2}{\376\377\000D\000e\000t\000e\000r\000m\000i\000n\000i\000s\000t\000i\000c\000\040\000p\000o\000i\000n\000t\000\040\000s\000p\000l\000a\000t\000t\000i\000n\000g}{section.3}% 5
\BOOKMARK [2][-]{subsection.3.3}{\376\377\000P\000e\000r\000-\000p\000o\000i\000n\000t\000\040\000I\000T\000U\000\040\000B\000S\000D\000F}{section.3}% 6
\BOOKMARK [2][-]{subsection.3.4}{\376\377\000D\000i\000f\000f\000e\000r\000e\000n\000t\000i\000a\000b\000l\000e\000\040\000o\000p\000t\000i\000m\000i\000z\000a\000t\000i\000o\000n}{section.3}% 7
\BOOKMARK [1][-]{section.4}{\376\377\000E\000x\000p\000e\000r\000i\000m\000e\000n\000t\000s}{}% 8
\BOOKMARK [2][-]{subsection.4.1}{\376\377\000E\000x\000p\000e\000r\000i\000m\000e\000n\000t\000a\000l\000\040\000s\000e\000t\000u\000p}{section.4}% 9
\BOOKMARK [2][-]{subsection.4.2}{\376\377\000Q\000u\000a\000n\000t\000i\000t\000a\000t\000i\000v\000e\000\040\000r\000e\000s\000u\000l\000t\000s}{section.4}% 10
\BOOKMARK [1][-]{section.5}{\376\377\000C\000o\000n\000c\000l\000u\000s\000i\000o\000n}{}% 11
\BOOKMARK [1][-]{appendix.A}{\376\377\000P\000e\000r\000-\000s\000c\000e\000n\000e\000\040\000|\000R\000A\000|\000\040\000b\000r\000e\000a\000k\000d\000o\000w\000n\000s}{}% 12
\BOOKMARK [1][-]{appendix.B}{\376\377\000C\000R\000P\000\040\000a\000n\000d\000\040\000A\000D\000C\000\040\000e\000v\000a\000l\000u\000a\000t\000i\000o\000n}{}% 13
\BOOKMARK [2][-]{subsection.B.1}{\376\377\000P\000i\000p\000e\000l\000i\000n\000e\000\040\000c\000o\000n\000v\000e\000n\000t\000i\000o\000n\000s}{appendix.B}% 14
\BOOKMARK [2][-]{subsection.B.2}{\376\377\000P\000e\000r\000-\000s\000c\000e\000n\000e\000\040\000C\000R\000P\000\040\000a\000n\000d\000\040\000A\000D\000C\000\040\000f\000i\000d\000e\000l\000i\000t\000y}{appendix.B}% 15
\BOOKMARK [1][-]{appendix.C}{\376\377\000Q\000u\000a\000l\000i\000t\000a\000t\000i\000v\000e\000\040\000c\000o\000m\000p\000a\000r\000i\000s\000o\000n\000s}{}% 16
\BOOKMARK [2][-]{subsection.C.1}{\376\377\000P\000e\000r\000-\000s\000c\000e\000n\000e\000\040\000|\000R\000A\000|\000\040\000c\000o\000m\000p\000a\000r\000i\000s\000o\000n\000\040\000a\000c\000r\000o\000s\000s\000\040\000m\000e\000t\000h\000o\000d\000s}{appendix.C}% 17
\BOOKMARK [2][-]{subsection.C.2}{\376\377\000C\000R\000P\000\040\000a\000n\000d\000\040\000A\000D\000C\000\040\000h\000e\000a\000t\000m\000a\000p\000s\000\040\000a\000n\000d\000\040\000I\000/\000Q\000\040\000t\000r\000a\000c\000e\000s}{appendix.C}% 18
\BOOKMARK [1][-]{appendix.D}{\376\377\000W\000a\000l\000l\000-\000c\000l\000o\000c\000k\000\040\000a\000n\000d\000\040\000p\000e\000a\000k\000\040\000G\000P\000U\000\040\000m\000e\000m\000o\000r\000y}{}% 19
\BOOKMARK [1][-]{appendix.E}{\376\377\000L\000i\000m\000i\000t\000a\000t\000i\000o\000n\000s\000\040\000a\000n\000d\000\040\000f\000u\000t\000u\000r\000e\000\040\000w\000o\000r\000k}{}% 20
\BOOKMARK [1][-]{appendix.F}{\376\377\000A\000b\000l\000a\000t\000i\000o\000n\000s}{}% 21
\BOOKMARK [1][-]{appendix.G}{\376\377\000P\000e\000r\000-\000p\000o\000i\000n\000t\000\040\000m\000a\000t\000e\000r\000i\000a\000l\000\040\000v\000i\000s\000u\000a\000l\000i\000z\000a\000t\000i\000o\000n\000s}{}% 22
